// Jest Snapshot v1, https://goo.gl/fbAQLP

exports[`Inbox ArchiveTask play-test 1`] = `
<div class="page lists-show">
  <nav>
    <h1 class="title-page">
      Taskbox
    </h1>
  </nav>
  <div class="list-items"
       data-testid="success"
       role="list"
       aria-label="tasks"
  >
    <div class="list-item TASK_INBOX"
         role="listitem"
         aria-label="task-1"
    >
      <label for="checked"
             aria-label="archiveTask-1"
             class="checkbox"
      >
        <input disabled
               id="archiveTask-1"
               type="checkbox"
               name="checked"
        >
        <span class="checkbox-custom"
              role="button"
              aria-label="archiveButton-1"
        >
        </span>
      </label>
      <label for="title"
             aria-label="Build a date picker"
             class="title"
      >
        <input placeholder="Input title"
               type="text"
               value="Build a date picker"
               name="title"
               style="text-overflow: ellipsis;"
        >
      </label>
      <button aria-label="delete"
              class="delete-button"
      >
        <span class="icon-trash">
        </span>
      </button>
      <button class="pin-button"
              id="pinTask-1"
              aria-label="pin"
      >
        <span class="icon-star">
        </span>
      </button>
    </div>
    <div class="list-item TASK_ARCHIVED"
         role="listitem"
         aria-label="task-2"
    >
      <label for="checked"
             aria-label="archiveTask-2"
             class="checkbox"
      >
        <input disabled
               id="archiveTask-2"
               type="checkbox"
               name="checked"
        >
        <span class="checkbox-custom"
              role="button"
              aria-label="archiveButton-2"
        >
        </span>
      </label>
      <label for="title"
             aria-label="QA dropdown"
             class="title"
      >
        <input placeholder="Input title"
               type="text"
               value="QA dropdown"
               name="title"
               style="text-overflow: ellipsis;"
        >
      </label>
      <button aria-label="delete"
              class="delete-button"
      >
        <span class="icon-trash">
        </span>
      </button>
    </div>
    <div class="list-item TASK_INBOX"
         role="listitem"
         aria-label="task-3"
    >
      <label for="checked"
             aria-label="archiveTask-3"
             class="checkbox"
      >
        <input disabled
               id="archiveTask-3"
               type="checkbox"
               name="checked"
        >
        <span class="checkbox-custom"
              role="button"
              aria-label="archiveButton-3"
        >
        </span>
      </label>
      <label for="title"
             aria-label="Write a schema for account avatar component"
             class="title"
      >
        <input placeholder="Input title"
               type="text"
               value="Write a schema for account avatar component"
               name="title"
               style="text-overflow: ellipsis;"
        >
      </label>
      <button aria-label="delete"
              class="delete-button"
      >
        <span class="icon-trash">
        </span>
      </button>
      <button class="pin-button"
              id="pinTask-3"
              aria-label="pin"
      >
        <span class="icon-star">
        </span>
      </button>
    </div>
    <div class="list-item TASK_INBOX"
         role="listitem"
         aria-label="task-4"
    >
      <label for="checked"
             aria-label="archiveTask-4"
             class="checkbox"
      >
        <input disabled
               id="archiveTask-4"
               type="checkbox"
               name="checked"
        >
        <span class="checkbox-custom"
              role="button"
              aria-label="archiveButton-4"
        >
        </span>
      </label>
      <label for="title"
             aria-label="Export logo"
             class="title"
      >
        <input placeholder="Input title"
               type="text"
               value="Export logo"
               name="title"
               style="text-overflow: ellipsis;"
        >
      </label>
      <button aria-label="delete"
              class="delete-button"
      >
        <span class="icon-trash">
        </span>
      </button>
      <button class="pin-button"
              id="pinTask-4"
              aria-label="pin"
      >
        <span class="icon-star">
        </span>
      </button>
    </div>
    <div class="list-item TASK_INBOX"
         role="listitem"
         aria-label="task-5"
    >
      <label for="checked"
             aria-label="archiveTask-5"
             class="checkbox"
      >
        <input disabled
               id="archiveTask-5"
               type="checkbox"
               name="checked"
        >
        <span class="checkbox-custom"
              role="button"
              aria-label="archiveButton-5"
        >
        </span>
      </label>
      <label for="title"
             aria-label="Fix bug in input error state"
             class="title"
      >
        <input placeholder="Input title"
               type="text"
               value="Fix bug in input error state"
               name="title"
               style="text-overflow: ellipsis;"
        >
      </label>
      <button aria-label="delete"
              class="delete-button"
      >
        <span class="icon-trash">
        </span>
      </button>
      <button class="pin-button"
              id="pinTask-5"
              aria-label="pin"
      >
        <span class="icon-star">
        </span>
      </button>
    </div>
    <div class="list-item TASK_INBOX"
         role="listitem"
         aria-label="task-6"
    >
      <label for="checked"
             aria-label="archiveTask-6"
             class="checkbox"
      >
        <input disabled
               id="archiveTask-6"
               type="checkbox"
               name="checked"
        >
        <span class="checkbox-custom"
              role="button"
              aria-label="archiveButton-6"
        >
        </span>
      </label>
      <label for="title"
             aria-label="Draft monthly blog to customers"
             class="title"
      >
        <input placeholder="Input title"
               type="text"
               value="Draft monthly blog to customers"
               name="title"
               style="text-overflow: ellipsis;"
        >
      </label>
      <button aria-label="delete"
              class="delete-button"
      >
        <span class="icon-trash">
        </span>
      </button>
      <button class="pin-button"
              id="pinTask-6"
              aria-label="pin"
      >
        <span class="icon-star">
        </span>
      </button>
    </div>
  </div>
</div>
`;

exports[`Inbox Default smoke-test 1`] = `
<div class="page lists-show">
  <nav>
    <h1 class="title-page">
      Taskbox
    </h1>
  </nav>
  <div class="list-items"
       data-testid="success"
       role="list"
       aria-label="tasks"
  >
    <div class="list-item TASK_INBOX"
         role="listitem"
         aria-label="task-1"
    >
      <label for="checked"
             aria-label="archiveTask-1"
             class="checkbox"
      >
        <input disabled
               id="archiveTask-1"
               type="checkbox"
               name="checked"
        >
        <span class="checkbox-custom"
              role="button"
              aria-label="archiveButton-1"
        >
        </span>
      </label>
      <label for="title"
             aria-label="Build a date picker"
             class="title"
      >
        <input placeholder="Input title"
               type="text"
               value="Build a date picker"
               name="title"
               style="text-overflow: ellipsis;"
        >
      </label>
      <button aria-label="delete"
              class="delete-button"
      >
        <span class="icon-trash">
        </span>
      </button>
      <button class="pin-button"
              id="pinTask-1"
              aria-label="pin"
      >
        <span class="icon-star">
        </span>
      </button>
    </div>
    <div class="list-item TASK_INBOX"
         role="listitem"
         aria-label="task-2"
    >
      <label for="checked"
             aria-label="archiveTask-2"
             class="checkbox"
      >
        <input disabled
               id="archiveTask-2"
               type="checkbox"
               name="checked"
        >
        <span class="checkbox-custom"
              role="button"
              aria-label="archiveButton-2"
        >
        </span>
      </label>
      <label for="title"
             aria-label="QA dropdown"
             class="title"
      >
        <input placeholder="Input title"
               type="text"
               value="QA dropdown"
               name="title"
               style="text-overflow: ellipsis;"
        >
      </label>
      <button aria-label="delete"
              class="delete-button"
      >
        <span class="icon-trash">
        </span>
      </button>
      <button class="pin-button"
              id="pinTask-2"
              aria-label="pin"
      >
        <span class="icon-star">
        </span>
      </button>
    </div>
    <div class="list-item TASK_INBOX"
         role="listitem"
         aria-label="task-3"
    >
      <label for="checked"
             aria-label="archiveTask-3"
             class="checkbox"
      >
        <input disabled
               id="archiveTask-3"
               type="checkbox"
               name="checked"
        >
        <span class="checkbox-custom"
              role="button"
              aria-label="archiveButton-3"
        >
        </span>
      </label>
      <label for="title"
             aria-label="Write a schema for account avatar component"
             class="title"
      >
        <input placeholder="Input title"
               type="text"
               value="Write a schema for account avatar component"
               name="title"
               style="text-overflow: ellipsis;"
        >
      </label>
      <button aria-label="delete"
              class="delete-button"
      >
        <span class="icon-trash">
        </span>
      </button>
      <button class="pin-button"
              id="pinTask-3"
              aria-label="pin"
      >
        <span class="icon-star">
        </span>
      </button>
    </div>
    <div class="list-item TASK_INBOX"
         role="listitem"
         aria-label="task-4"
    >
      <label for="checked"
             aria-label="archiveTask-4"
             class="checkbox"
      >
        <input disabled
               id="archiveTask-4"
               type="checkbox"
               name="checked"
        >
        <span class="checkbox-custom"
              role="button"
              aria-label="archiveButton-4"
        >
        </span>
      </label>
      <label for="title"
             aria-label="Export logo"
             class="title"
      >
        <input placeholder="Input title"
               type="text"
               value="Export logo"
               name="title"
               style="text-overflow: ellipsis;"
        >
      </label>
      <button aria-label="delete"
              class="delete-button"
      >
        <span class="icon-trash">
        </span>
      </button>
      <button class="pin-button"
              id="pinTask-4"
              aria-label="pin"
      >
        <span class="icon-star">
        </span>
      </button>
    </div>
    <div class="list-item TASK_INBOX"
         role="listitem"
         aria-label="task-5"
    >
      <label for="checked"
             aria-label="archiveTask-5"
             class="checkbox"
      >
        <input disabled
               id="archiveTask-5"
               type="checkbox"
               name="checked"
        >
        <span class="checkbox-custom"
              role="button"
              aria-label="archiveButton-5"
        >
        </span>
      </label>
      <label for="title"
             aria-label="Fix bug in input error state"
             class="title"
      >
        <input placeholder="Input title"
               type="text"
               value="Fix bug in input error state"
               name="title"
               style="text-overflow: ellipsis;"
        >
      </label>
      <button aria-label="delete"
              class="delete-button"
      >
        <span class="icon-trash">
        </span>
      </button>
      <button class="pin-button"
              id="pinTask-5"
              aria-label="pin"
      >
        <span class="icon-star">
        </span>
      </button>
    </div>
    <div class="list-item TASK_INBOX"
         role="listitem"
         aria-label="task-6"
    >
      <label for="checked"
             aria-label="archiveTask-6"
             class="checkbox"
      >
        <input disabled
               id="archiveTask-6"
               type="checkbox"
               name="checked"
        >
        <span class="checkbox-custom"
              role="button"
              aria-label="archiveButton-6"
        >
        </span>
      </label>
      <label for="title"
             aria-label="Draft monthly blog to customers"
             class="title"
      >
        <input placeholder="Input title"
               type="text"
               value="Draft monthly blog to customers"
               name="title"
               style="text-overflow: ellipsis;"
        >
      </label>
      <button aria-label="delete"
              class="delete-button"
      >
        <span class="icon-trash">
        </span>
      </button>
      <button class="pin-button"
              id="pinTask-6"
              aria-label="pin"
      >
        <span class="icon-star">
        </span>
      </button>
    </div>
  </div>
</div>
`;

exports[`Inbox DeleteTask play-test 1`] = `
<div class="page lists-show">
  <nav>
    <h1 class="title-page">
      Taskbox
    </h1>
  </nav>
  <div class="list-items"
       data-testid="success"
       role="list"
       aria-label="tasks"
  >
    <div class="list-item TASK_INBOX"
         role="listitem"
         aria-label="task-2"
    >
      <label for="checked"
             aria-label="archiveTask-2"
             class="checkbox"
      >
        <input disabled
               id="archiveTask-2"
               type="checkbox"
               name="checked"
        >
        <span class="checkbox-custom"
              role="button"
              aria-label="archiveButton-2"
        >
        </span>
      </label>
      <label for="title"
             aria-label="QA dropdown"
             class="title"
      >
        <input placeholder="Input title"
               type="text"
               value="QA dropdown"
               name="title"
               style="text-overflow: ellipsis;"
        >
      </label>
      <button aria-label="delete"
              class="delete-button"
      >
        <span class="icon-trash">
        </span>
      </button>
      <button class="pin-button"
              id="pinTask-2"
              aria-label="pin"
      >
        <span class="icon-star">
        </span>
      </button>
    </div>
    <div class="list-item TASK_INBOX"
         role="listitem"
         aria-label="task-3"
    >
      <label for="checked"
             aria-label="archiveTask-3"
             class="checkbox"
      >
        <input disabled
               id="archiveTask-3"
               type="checkbox"
               name="checked"
        >
        <span class="checkbox-custom"
              role="button"
              aria-label="archiveButton-3"
        >
        </span>
      </label>
      <label for="title"
             aria-label="Write a schema for account avatar component"
             class="title"
      >
        <input placeholder="Input title"
               type="text"
               value="Write a schema for account avatar component"
               name="title"
               style="text-overflow: ellipsis;"
        >
      </label>
      <button aria-label="delete"
              class="delete-button"
      >
        <span class="icon-trash">
        </span>
      </button>
      <button class="pin-button"
              id="pinTask-3"
              aria-label="pin"
      >
        <span class="icon-star">
        </span>
      </button>
    </div>
    <div class="list-item TASK_INBOX"
         role="listitem"
         aria-label="task-4"
    >
      <label for="checked"
             aria-label="archiveTask-4"
             class="checkbox"
      >
        <input disabled
               id="archiveTask-4"
               type="checkbox"
               name="checked"
        >
        <span class="checkbox-custom"
              role="button"
              aria-label="archiveButton-4"
        >
        </span>
      </label>
      <label for="title"
             aria-label="Export logo"
             class="title"
      >
        <input placeholder="Input title"
               type="text"
               value="Export logo"
               name="title"
               style="text-overflow: ellipsis;"
        >
      </label>
      <button aria-label="delete"
              class="delete-button"
      >
        <span class="icon-trash">
        </span>
      </button>
      <button class="pin-button"
              id="pinTask-4"
              aria-label="pin"
      >
        <span class="icon-star">
        </span>
      </button>
    </div>
    <div class="list-item TASK_INBOX"
         role="listitem"
         aria-label="task-5"
    >
      <label for="checked"
             aria-label="archiveTask-5"
             class="checkbox"
      >
        <input disabled
               id="archiveTask-5"
               type="checkbox"
               name="checked"
        >
        <span class="checkbox-custom"
              role="button"
              aria-label="archiveButton-5"
        >
        </span>
      </label>
      <label for="title"
             aria-label="Fix bug in input error state"
             class="title"
      >
        <input placeholder="Input title"
               type="text"
               value="Fix bug in input error state"
               name="title"
               style="text-overflow: ellipsis;"
        >
      </label>
      <button aria-label="delete"
              class="delete-button"
      >
        <span class="icon-trash">
        </span>
      </button>
      <button class="pin-button"
              id="pinTask-5"
              aria-label="pin"
      >
        <span class="icon-star">
        </span>
      </button>
    </div>
    <div class="list-item TASK_INBOX"
         role="listitem"
         aria-label="task-6"
    >
      <label for="checked"
             aria-label="archiveTask-6"
             class="checkbox"
      >
        <input disabled
               id="archiveTask-6"
               type="checkbox"
               name="checked"
        >
        <span class="checkbox-custom"
              role="button"
              aria-label="archiveButton-6"
        >
        </span>
      </label>
      <label for="title"
             aria-label="Draft monthly blog to customers"
             class="title"
      >
        <input placeholder="Input title"
               type="text"
               value="Draft monthly blog to customers"
               name="title"
               style="text-overflow: ellipsis;"
        >
      </label>
      <button aria-label="delete"
              class="delete-button"
      >
        <span class="icon-trash">
        </span>
      </button>
      <button class="pin-button"
              id="pinTask-6"
              aria-label="pin"
      >
        <span class="icon-star">
        </span>
      </button>
    </div>
  </div>
</div>
`;

exports[`Inbox EditTask play-test 1`] = `
<div class="page lists-show">
  <nav>
    <h1 class="title-page">
      Taskbox
    </h1>
  </nav>
  <div class="list-items"
       data-testid="success"
       role="list"
       aria-label="tasks"
  >
    <div class="list-item TASK_INBOX"
         role="listitem"
         aria-label="task-1"
    >
      <label for="checked"
             aria-label="archiveTask-1"
             class="checkbox"
      >
        <input disabled
               id="archiveTask-1"
               type="checkbox"
               name="checked"
        >
        <span class="checkbox-custom"
              role="button"
              aria-label="archiveButton-1"
        >
        </span>
      </label>
      <label for="title"
             aria-label="Build a date picker"
             class="title"
      >
        <input placeholder="Input title"
               type="text"
               value="Build a date picker"
               name="title"
               style="text-overflow: ellipsis;"
        >
      </label>
      <button aria-label="delete"
              class="delete-button"
      >
        <span class="icon-trash">
        </span>
      </button>
      <button class="pin-button"
              id="pinTask-1"
              aria-label="pin"
      >
        <span class="icon-star">
        </span>
      </button>
    </div>
    <div class="list-item TASK_INBOX"
         role="listitem"
         aria-label="task-2"
    >
      <label for="checked"
             aria-label="archiveTask-2"
             class="checkbox"
      >
        <input disabled
               id="archiveTask-2"
               type="checkbox"
               name="checked"
        >
        <span class="checkbox-custom"
              role="button"
              aria-label="archiveButton-2"
        >
        </span>
      </label>
      <label for="title"
             aria-label="QA dropdown"
             class="title"
      >
        <input placeholder="Input title"
               type="text"
               value="QA dropdown"
               name="title"
               style="text-overflow: ellipsis;"
        >
      </label>
      <button aria-label="delete"
              class="delete-button"
      >
        <span class="icon-trash">
        </span>
      </button>
      <button class="pin-button"
              id="pinTask-2"
              aria-label="pin"
      >
        <span class="icon-star">
        </span>
      </button>
    </div>
    <div class="list-item TASK_INBOX"
         role="listitem"
         aria-label="task-3"
    >
      <label for="checked"
             aria-label="archiveTask-3"
             class="checkbox"
      >
        <input disabled
               id="archiveTask-3"
               type="checkbox"
               name="checked"
        >
        <span class="checkbox-custom"
              role="button"
              aria-label="archiveButton-3"
        >
        </span>
      </label>
      <label for="title"
             aria-label="Write a schema for account avatar component"
             class="title"
      >
        <input placeholder="Input title"
               type="text"
               value="Write a schema for account avatar component"
               name="title"
               style="text-overflow: ellipsis;"
        >
      </label>
      <button aria-label="delete"
              class="delete-button"
      >
        <span class="icon-trash">
        </span>
      </button>
      <button class="pin-button"
              id="pinTask-3"
              aria-label="pin"
      >
        <span class="icon-star">
        </span>
      </button>
    </div>
    <div class="list-item TASK_INBOX"
         role="listitem"
         aria-label="task-4"
    >
      <label for="checked"
             aria-label="archiveTask-4"
             class="checkbox"
      >
        <input disabled
               id="archiveTask-4"
               type="checkbox"
               name="checked"
        >
        <span class="checkbox-custom"
              role="button"
              aria-label="archiveButton-4"
        >
        </span>
      </label>
      <label for="title"
             aria-label="Export logo"
             class="title"
      >
        <input placeholder="Input title"
               type="text"
               value="Export logo"
               name="title"
               style="text-overflow: ellipsis;"
        >
      </label>
      <button aria-label="delete"
              class="delete-button"
      >
        <span class="icon-trash">
        </span>
      </button>
      <button class="pin-button"
              id="pinTask-4"
              aria-label="pin"
      >
        <span class="icon-star">
        </span>
      </button>
    </div>
    <div class="list-item TASK_INBOX"
         role="listitem"
         aria-label="task-5"
    >
      <label for="checked"
             aria-label="archiveTask-5"
             class="checkbox"
      >
        <input disabled
               id="archiveTask-5"
               type="checkbox"
               name="checked"
        >
        <span class="checkbox-custom"
              role="button"
              aria-label="archiveButton-5"
        >
        </span>
      </label>
      <label for="title"
             aria-label="Fix bug in input error state and disabled state"
             class="title"
      >
        <input placeholder="Input title"
               type="text"
               value="Fix bug in input error state and disabled state"
               name="title"
               style="text-overflow: ellipsis;"
        >
      </label>
      <button aria-label="delete"
              class="delete-button"
      >
        <span class="icon-trash">
        </span>
      </button>
      <button class="pin-button"
              id="pinTask-5"
              aria-label="pin"
      >
        <span class="icon-star">
        </span>
      </button>
    </div>
    <div class="list-item TASK_INBOX"
         role="listitem"
         aria-label="task-6"
    >
      <label for="checked"
             aria-label="archiveTask-6"
             class="checkbox"
      >
        <input disabled
               id="archiveTask-6"
               type="checkbox"
               name="checked"
        >
        <span class="checkbox-custom"
              role="button"
              aria-label="archiveButton-6"
        >
        </span>
      </label>
      <label for="title"
             aria-label="Draft monthly blog to customers"
             class="title"
      >
        <input placeholder="Input title"
               type="text"
               value="Draft monthly blog to customers"
               name="title"
               style="text-overflow: ellipsis;"
        >
      </label>
      <button aria-label="delete"
              class="delete-button"
      >
        <span class="icon-trash">
        </span>
      </button>
      <button class="pin-button"
              id="pinTask-6"
              aria-label="pin"
      >
        <span class="icon-star">
        </span>
      </button>
    </div>
  </div>
</div>
`;

exports[`Inbox Error smoke-test 1`] = `
<div class="page lists-show">
  <div class="wrapper-message">
    <span class="icon-face-sad">
    </span>
    <p class="title-message">
      Oh no!
    </p>
    <p class="subtitle-message">
      Something went wrong
    </p>
  </div>
</div>
`;

exports[`Inbox PinTask play-test 1`] = `
<div class="page lists-show">
  <nav>
    <h1 class="title-page">
      Taskbox
    </h1>
  </nav>
  <div class="list-items"
       data-testid="success"
       role="list"
       aria-label="tasks"
  >
    <div class="list-item TASK_PINNED"
         role="listitem"
         aria-label="task-4"
    >
      <label for="checked"
             aria-label="archiveTask-4"
             class="checkbox"
      >
        <input disabled
               id="archiveTask-4"
               type="checkbox"
               name="checked"
        >
        <span class="checkbox-custom"
              role="button"
              aria-label="archiveButton-4"
        >
        </span>
      </label>
      <label for="title"
             aria-label="Export logo"
             class="title"
      >
        <input placeholder="Input title"
               type="text"
               value="Export logo"
               name="title"
               style="text-overflow: ellipsis;"
        >
      </label>
      <button aria-label="delete"
              class="delete-button"
      >
        <span class="icon-trash">
        </span>
      </button>
      <button class="pin-button"
              id="pinTask-4"
              aria-label="unpin"
      >
        <span class="icon-star">
        </span>
      </button>
    </div>
    <div class="list-item TASK_INBOX"
         role="listitem"
         aria-label="task-1"
    >
      <label for="checked"
             aria-label="archiveTask-1"
             class="checkbox"
      >
        <input disabled
               id="archiveTask-1"
               type="checkbox"
               name="checked"
        >
        <span class="checkbox-custom"
              role="button"
              aria-label="archiveButton-1"
        >
        </span>
      </label>
      <label for="title"
             aria-label="Build a date picker"
             class="title"
      >
        <input placeholder="Input title"
               type="text"
               value="Build a date picker"
               name="title"
               style="text-overflow: ellipsis;"
        >
      </label>
      <button aria-label="delete"
              class="delete-button"
      >
        <span class="icon-trash">
        </span>
      </button>
      <button class="pin-button"
              id="pinTask-1"
              aria-label="pin"
      >
        <span class="icon-star">
        </span>
      </button>
    </div>
    <div class="list-item TASK_INBOX"
         role="listitem"
         aria-label="task-2"
    >
      <label for="checked"
             aria-label="archiveTask-2"
             class="checkbox"
      >
        <input disabled
               id="archiveTask-2"
               type="checkbox"
               name="checked"
        >
        <span class="checkbox-custom"
              role="button"
              aria-label="archiveButton-2"
        >
        </span>
      </label>
      <label for="title"
             aria-label="QA dropdown"
             class="title"
      >
        <input placeholder="Input title"
               type="text"
               value="QA dropdown"
               name="title"
               style="text-overflow: ellipsis;"
        >
      </label>
      <button aria-label="delete"
              class="delete-button"
      >
        <span class="icon-trash">
        </span>
      </button>
      <button class="pin-button"
              id="pinTask-2"
              aria-label="pin"
      >
        <span class="icon-star">
        </span>
      </button>
    </div>
    <div class="list-item TASK_INBOX"
         role="listitem"
         aria-label="task-3"
    >
      <label for="checked"
             aria-label="archiveTask-3"
             class="checkbox"
      >
        <input disabled
               id="archiveTask-3"
               type="checkbox"
               name="checked"
        >
        <span class="checkbox-custom"
              role="button"
              aria-label="archiveButton-3"
        >
        </span>
      </label>
      <label for="title"
             aria-label="Write a schema for account avatar component"
             class="title"
      >
        <input placeholder="Input title"
               type="text"
               value="Write a schema for account avatar component"
               name="title"
               style="text-overflow: ellipsis;"
        >
      </label>
      <button aria-label="delete"
              class="delete-button"
      >
        <span class="icon-trash">
        </span>
      </button>
      <button class="pin-button"
              id="pinTask-3"
              aria-label="pin"
      >
        <span class="icon-star">
        </span>
      </button>
    </div>
    <div class="list-item TASK_INBOX"
         role="listitem"
         aria-label="task-5"
    >
      <label for="checked"
             aria-label="archiveTask-5"
             class="checkbox"
      >
        <input disabled
               id="archiveTask-5"
               type="checkbox"
               name="checked"
        >
        <span class="checkbox-custom"
              role="button"
              aria-label="archiveButton-5"
        >
        </span>
      </label>
      <label for="title"
             aria-label="Fix bug in input error state"
             class="title"
      >
        <input placeholder="Input title"
               type="text"
               value="Fix bug in input error state"
               name="title"
               style="text-overflow: ellipsis;"
        >
      </label>
      <button aria-label="delete"
              class="delete-button"
      >
        <span class="icon-trash">
        </span>
      </button>
      <button class="pin-button"
              id="pinTask-5"
              aria-label="pin"
      >
        <span class="icon-star">
        </span>
      </button>
    </div>
    <div class="list-item TASK_INBOX"
         role="listitem"
         aria-label="task-6"
    >
      <label for="checked"
             aria-label="archiveTask-6"
             class="checkbox"
      >
        <input disabled
               id="archiveTask-6"
               type="checkbox"
               name="checked"
        >
        <span class="checkbox-custom"
              role="button"
              aria-label="archiveButton-6"
        >
        </span>
      </label>
      <label for="title"
             aria-label="Draft monthly blog to customers"
             class="title"
      >
        <input placeholder="Input title"
               type="text"
               value="Draft monthly blog to customers"
               name="title"
               style="text-overflow: ellipsis;"
        >
      </label>
      <button aria-label="delete"
              class="delete-button"
      >
        <span class="icon-trash">
        </span>
      </button>
      <button class="pin-button"
              id="pinTask-6"
              aria-label="pin"
      >
        <span class="icon-star">
        </span>
      </button>
    </div>
  </div>
</div>
`;
